[test2.kwebsite.kr/index.html]
[backblue.gif]
[fade.gif]
[index.html]
[test2.kwebsite.kr/theme/hanchon/img/comm/logo.ico]
[test2.kwebsite.kr/js/font-awesome/css/font-awesome.minaa39.css]
[cdn.jsdelivr.net/gh/orioncactus/pretendard@v1.3.9/dist/web/static/pretendard.min.css]
[cdn.jsdelivr.net/gh/whitedev7773/Paperlogy/paperlogy.css]
[cdnjs.cloudflare.com/ajax/libs/font-awesome/4.7.0/css/font-awesome.css]
[cdn.jsdelivr.net/npm/aos@2.3.4/dist/aos.css]
[test2.kwebsite.kr/theme/hanchon/css/landing/____rootaa39.css]
[test2.kwebsite.kr/theme/hanchon/css/landing/__resetaa39.css]
[test2.kwebsite.kr/theme/hanchon/css/landing/__coloraa39.css]
[test2.kwebsite.kr/theme/hanchon/css/landing/__commonaa39.css]
[test2.kwebsite.kr/theme/hanchon/css/landing/__font.useaa39.css]
[test2.kwebsite.kr/theme/hanchon/css/landing/__animationaa39.css]
[test2.kwebsite.kr/theme/hanchon/css/landing/lib.flipclockaa39.css]
[unpkg.com/swiper@8.4.7/swiper-bundle.min.css]
[test2.kwebsite.kr/theme/hanchon/css/landing/landing.pc88e9.css]
[test2.kwebsite.kr/theme/hanchon/css/landing/inc.store88e9.css]
[code.jquery.com/jquery-1.12.4.js]
[code.jquery.com/ui/1.10.4/jquery-ui.js]
[test2.kwebsite.kr/theme/hanchon/js/landing/jquery-ui.js]
[test2.kwebsite.kr/theme/hanchon/js/landing/flipclock.js]
[cdnjs.cloudflare.com/ajax/libs/gsap/3.11.4/gsap.min.js]
[cdnjs.cloudflare.com/ajax/libs/gsap/3.11.4/ScrollTrigger.min.js]
[cdnjs.cloudflare.com/ajax/libs/gsap/3.11.4/TextPlugin.min.js]
[cdnjs.cloudflare.com/ajax/libs/ScrollMagic/2.0.7/ScrollMagic.min.js]
[cdn.jsdelivr.net/npm/aos@2.3.4/dist/aos.js]
[cdnjs.cloudflare.com/ajax/libs/countup.js/1.8.5/countUp.min.js]
[unpkg.com/swiper@8.4.7/swiper-bundle.min.js]
[cdnjs.cloudflare.com/ajax/libs/jquery/3.1.0/jquery.min.js]
[cdnjs.cloudflare.com/ajax/libs/flipclock/0.7.8/flipclock.min.js]
[test2.kwebsite.kr/js/commonb519.js]
[test2.kwebsite.kr/js/wrestb519.js]
[test2.kwebsite.kr/js/placeholders.minb519.js]
[test2.kwebsite.kr/theme/hanchon/img/comm/logo.png]
[test2.kwebsite.kr/theme/hanchon/img/ico/ico-call-wh.png]
[test2.kwebsite.kr/theme/hanchon/img/pc/sec1/arrow-down.png]
[test2.kwebsite.kr/theme/hanchon/img/pc/sec1/building7b30.png]
[test2.kwebsite.kr/theme/hanchon/img/pc/sec1/forest7b30.png]
[test2.kwebsite.kr/theme/hanchon/img/pc/sec1/cloud17b30.png]
[test2.kwebsite.kr/theme/hanchon/img/pc/sec1/cloud27b30.png]
[test2.kwebsite.kr/theme/hanchon/img/pc/sec2/slide1.png]
[test2.kwebsite.kr/theme/hanchon/img/pc/sec2/arrow-up.png]
[test2.kwebsite.kr/theme/hanchon/img/pc/sec2/slide2.png]
[test2.kwebsite.kr/theme/hanchon/img/pc/sec2/slide3.png]
[test2.kwebsite.kr/theme/hanchon/img/pc/sec3/pic1-bf.jpg]
[test2.kwebsite.kr/theme/hanchon/img/pc/sec3/pic1-af1.jpg]
[test2.kwebsite.kr/theme/hanchon/img/pc/sec3/pic2-bf.jpg]
[test2.kwebsite.kr/theme/hanchon/img/pc/sec3/pic2-af1.jpg]
[test2.kwebsite.kr/theme/hanchon/img/pc/sec3/pic3-bf.jpg]
[test2.kwebsite.kr/theme/hanchon/img/pc/sec3/pic3-af1.jpg]
[test2.kwebsite.kr/theme/hanchon/img/pc/sec3/pic4.jpg]
[test2.kwebsite.kr/theme/hanchon/img/pc/sec4/benefit1.png]
[test2.kwebsite.kr/theme/hanchon/img/pc/sec4/benefit2.png]
[test2.kwebsite.kr/theme/hanchon/img/pc/sec4/benefit3.png]
[test2.kwebsite.kr/theme/hanchon/img/pc/sec4/benefit4.png]
[test2.kwebsite.kr/theme/hanchon/img/pc/sec4/benefit5.png]
[test2.kwebsite.kr/theme/hanchon/img/pc/sec4/sub-title.png]
[test2.kwebsite.kr/theme/hanchon/img/pc/sec4/title.png]
[test2.kwebsite.kr/theme/hanchon/img/pc/sec5/pyramid-top.png]
[test2.kwebsite.kr/theme/hanchon/img/pc/sec5/red-light.png]
[test2.kwebsite.kr/theme/hanchon/img/pc/sec5/yellow-light.png]
[test2.kwebsite.kr/theme/hanchon/img/pc/sec5/pyramid-bottom.png]
[test2.kwebsite.kr/theme/hanchon/img/pc/sec5/dot-line1.png]
[test2.kwebsite.kr/theme/hanchon/img/pc/sec5/food1.png]
[test2.kwebsite.kr/theme/hanchon/img/pc/sec5/dot-line2.png]
[test2.kwebsite.kr/theme/hanchon/img/pc/sec5/food2.png]
[test2.kwebsite.kr/theme/hanchon/img/pc/sec5/dot-line3.png]
[test2.kwebsite.kr/theme/hanchon/img/pc/sec5/food3.png]
[test2.kwebsite.kr/theme/hanchon/img/pc/sec5/dot-line4.png]
[test2.kwebsite.kr/theme/hanchon/img/pc/sec5/food4.png]
[test2.kwebsite.kr/theme/hanchon/img/pc/sec5/dot-line5.png]
[test2.kwebsite.kr/theme/hanchon/img/pc/sec5/food5.png]
[test2.kwebsite.kr/theme/hanchon/img/ico/ico-home.png]
[test2.kwebsite.kr/theme/hanchon/img/ico/ico-germ.png]
[test2.kwebsite.kr/theme/hanchon/img/ico/ico-money.png]
[test2.kwebsite.kr/theme/hanchon/img/ico/ico-graph-down.png]
[test2.kwebsite.kr/theme/hanchon/img/pc/sec7/round1.png]
[test2.kwebsite.kr/theme/hanchon/img/pc/sec7/vs.png]
[test2.kwebsite.kr/theme/hanchon/img/pc/sec7/round2.png]
[test2.kwebsite.kr/theme/hanchon/img/pc/sec7/building.png]
[test2.kwebsite.kr/theme/hanchon/img/pc/sec8/stamp.png]
[test2.kwebsite.kr/theme/hanchon/img/pc/sec9/slide1.jpg]
[test2.kwebsite.kr/theme/hanchon/img/pc/sec9/slide2.jpg]
[test2.kwebsite.kr/theme/hanchon/img/pc/sec9/slide33860.jpg]
[test2.kwebsite.kr/theme/hanchon/img/pc/sec9/slide43860.jpg]
[test2.kwebsite.kr/theme/hanchon/img/pc/sec10/light.png]
[test2.kwebsite.kr/theme/hanchon/img/pc/sec12/smoke1.png]
[test2.kwebsite.kr/theme/hanchon/img/pc/sec12/smoke2.png]
[test2.kwebsite.kr/theme/hanchon/img/pc/sec12/food-big.png]
[test2.kwebsite.kr/theme/hanchon/img/pc/sec12/gold-leaf.png]
[test2.kwebsite.kr/theme/hanchon/img/pc/sec12/menu-srt.png]
[test2.kwebsite.kr/theme/hanchon/img/pc/sec12/gold-medal.png]
[test2.kwebsite.kr/theme/hanchon/img/pc/sec12/menu-uksrt.png]
[test2.kwebsite.kr/theme/hanchon/img/pc/sec12/menu-sgt.png]
[test2.kwebsite.kr/theme/hanchon/img/pc/sec12/menu-dgnt.png]
[test2.kwebsite.kr/theme/hanchon/img/pc/sec12/menu-dksrt.png]
[test2.kwebsite.kr/theme/hanchon/img/pc/sec12/menu-nm.png]
[test2.kwebsite.kr/theme/hanchon/img/pc/sec12/menu-gbt.png]
[test2.kwebsite.kr/theme/hanchon/img/pc/sec12/menu-mdsrt3860.png]
[test2.kwebsite.kr/theme/hanchon/img/pc/sec13/pic1.png]
[test2.kwebsite.kr/theme/hanchon/img/pc/sec13/arrow.png]
[test2.kwebsite.kr/theme/hanchon/img/pc/sec13/pic2.png]
[test2.kwebsite.kr/theme/hanchon/img/pc/sec13/pic3.png]
[test2.kwebsite.kr/theme/hanchon/img/comm/smoke1.png]
[test2.kwebsite.kr/theme/hanchon/img/comm/smoke2.png]
[test2.kwebsite.kr/theme/hanchon/img/pc/sec14/food.png]
[test2.kwebsite.kr/theme/hanchon/img/pc/sec15/pic1.jpg]
[test2.kwebsite.kr/theme/hanchon/img/pc/sec15/pic2.jpg]
[test2.kwebsite.kr/theme/hanchon/img/pc/sec15/leaf-left.png]
[test2.kwebsite.kr/theme/hanchon/img/pc/sec15/leaf-right.png]
[test2.kwebsite.kr/theme/hanchon/img/pc/sec17/check.png]
[test2.kwebsite.kr/theme/hanchon/img/pc/sec17/map.png]
[test2.kwebsite.kr/theme/hanchon/img/pc/sec17/graph.png]
[test2.kwebsite.kr/theme/hanchon/img/pc/sec18/star.png]
[test2.kwebsite.kr/theme/hanchon/img/pc/sec18/tt-bg.png]
[test2.kwebsite.kr/theme/hanchon/img/pc/sec18/benefit1.png]
[test2.kwebsite.kr/theme/hanchon/img/pc/sec18/benefit2.png]
[test2.kwebsite.kr/theme/hanchon/img/pc/sec18/benefit3.png]
[test2.kwebsite.kr/theme/hanchon/img/pc/sec18/benefit4.png]
[test2.kwebsite.kr/theme/hanchon/img/pc/sec18/benefit5.png]
[test2.kwebsite.kr/theme/hanchon/img/pc/sec18/coupon1.png]
[test2.kwebsite.kr/theme/hanchon/img/pc/sec18/coupon2.png]
[test2.kwebsite.kr/theme/hanchon/img/pc/sec18/gift-bg.png]
[test2.kwebsite.kr/theme/hanchon/img/pc/sec19/stamp-1.png]
[test2.kwebsite.kr/theme/hanchon/img/pc/sec19/stamp-3.png]
[test2.kwebsite.kr/theme/hanchon/img/pc/sec19/stamp-2.png]
[test2.kwebsite.kr/theme/hanchon/img/pc/sec20/arrow.png]
[test2.kwebsite.kr/theme/hanchon/img/comm/ft-food.png]
[test2.kwebsite.kr/theme/hanchon/img/ico/ico-call-type2-wh.png]
[test2.kwebsite.kr/theme/hanchon/img/comm/logo-ft-wh.png]
[test2.kwebsite.kr/theme/hanchon/img/ico/ico-blog-wh.png]
[test2.kwebsite.kr/theme/hanchon/img/ico/ico-instagram-wh.png]
[test2.kwebsite.kr/theme/hanchon/img/ico/ico-youtube-wh.png]
[test2.kwebsite.kr/theme/hanchon/img/comm/logo-quick.png]
[test2.kwebsite.kr/index.html]
[test2.kwebsite.kr/theme/hanchon/js/landing/custom_pc705d.js]
[cdn.smlog.co.kr/core/smart.js]
[test2.kwebsite.kr/js/font-awesome/fonts/fontawesome-webfont3e6e.eot]
[test2.kwebsite.kr/js/font-awesome/fonts/fontawesome-webfontd41d.eot]
[test2.kwebsite.kr/js/font-awesome/fonts/fontawesome-webfont3e6e.woff]
[test2.kwebsite.kr/js/font-awesome/fonts/fontawesome-webfont3e6e.ttf]
[test2.kwebsite.kr/js/font-awesome/css/font-awesome.minaa39.css]
[cdn.jsdelivr.net/gh/orioncactus/pretendard@v1.3.9/dist/web/static/pretendard.min.css]
[test2.kwebsite.kr/js/font-awesome/fonts/fontawesome-webfont3e6e.svg]
[cdn.jsdelivr.net/gh/whitedev7773/Paperlogy/Paperlogy-1Thin.eot]
[cdn.jsdelivr.net/gh/whitedev7773/Paperlogy/Paperlogy-1Thind41d.eot]
[cdn.jsdelivr.net/gh/whitedev7773/Paperlogy/Paperlogy-1Thin.woff2]
[cdn.jsdelivr.net/gh/whitedev7773/Paperlogy/Paperlogy-1Thin.woff]
[cdn.jsdelivr.net/gh/whitedev7773/Paperlogy/Paperlogy-1Thin.ttf]
[cdn.jsdelivr.net/gh/whitedev7773/Paperlogy/Paperlogy-2ExtraLight.eot]
[cdn.jsdelivr.net/gh/whitedev7773/Paperlogy/Paperlogy-2ExtraLight.woff2]
[cdn.jsdelivr.net/gh/whitedev7773/Paperlogy/Paperlogy-2ExtraLight.woff]
[cdn.jsdelivr.net/gh/whitedev7773/Paperlogy/Paperlogy-2ExtraLight.ttf]
[cdn.jsdelivr.net/gh/whitedev7773/Paperlogy/Paperlogy-3Light.eot]
[cdn.jsdelivr.net/gh/whitedev7773/Paperlogy/Paperlogy-3Light.woff2]
[cdn.jsdelivr.net/gh/whitedev7773/Paperlogy/Paperlogy-3Light.woff]
[cdn.jsdelivr.net/gh/whitedev7773/Paperlogy/Paperlogy-3Light.ttf]
[cdn.jsdelivr.net/gh/whitedev7773/Paperlogy/Paperlogy-4Regular.woff2]
[cdn.jsdelivr.net/gh/whitedev7773/Paperlogy/Paperlogy-4Regular.eot]
[cdn.jsdelivr.net/gh/whitedev7773/Paperlogy/Paperlogy-4Regular.woff]
[cdn.jsdelivr.net/gh/whitedev7773/Paperlogy/Paperlogy-4Regular.ttf]
[cdn.jsdelivr.net/gh/whitedev7773/Paperlogy/Paperlogy-5Medium.eot]
[cdn.jsdelivr.net/gh/whitedev7773/Paperlogy/Paperlogy-5Medium.woff2]
[cdn.jsdelivr.net/gh/whitedev7773/Paperlogy/Paperlogy-5Medium.woff]
[cdn.jsdelivr.net/gh/whitedev7773/Paperlogy/Paperlogy-5Medium.ttf]
[cdn.jsdelivr.net/gh/whitedev7773/Paperlogy/Paperlogy-6SemiBold.eot]
[cdn.jsdelivr.net/gh/whitedev7773/Paperlogy/Paperlogy-6SemiBold.woff2]
[cdn.jsdelivr.net/gh/whitedev7773/Paperlogy/Paperlogy-6SemiBold.woff]
[cdn.jsdelivr.net/gh/whitedev7773/Paperlogy/Paperlogy-6SemiBold.ttf]
[cdn.jsdelivr.net/gh/whitedev7773/Paperlogy/Paperlogy-7Bold.woff2]
[cdn.jsdelivr.net/gh/whitedev7773/Paperlogy/Paperlogy-7Bold.eot]
[cdn.jsdelivr.net/gh/whitedev7773/Paperlogy/Paperlogy-7Bold.woff]
[cdn.jsdelivr.net/gh/whitedev7773/Paperlogy/Paperlogy-7Bold.ttf]
[cdn.jsdelivr.net/gh/whitedev7773/Paperlogy/Paperlogy-8ExtraBold.eot]
[cdn.jsdelivr.net/gh/whitedev7773/Paperlogy/Paperlogy-8ExtraBold.woff2]
[cdn.jsdelivr.net/gh/whitedev7773/Paperlogy/Paperlogy-8ExtraBold.woff]
[cdn.jsdelivr.net/gh/whitedev7773/Paperlogy/Paperlogy-8ExtraBold.ttf]
[cdn.jsdelivr.net/gh/whitedev7773/Paperlogy/Paperlogy-9Black.eot]
[cdn.jsdelivr.net/gh/whitedev7773/Paperlogy/Paperlogy-9Black.woff2]
[cdn.jsdelivr.net/gh/whitedev7773/Paperlogy/Paperlogy-9Black.woff]
[cdn.jsdelivr.net/gh/whitedev7773/Paperlogy/paperlogy.css]
[cdnjs.cloudflare.com/ajax/libs/font-awesome/4.7.0/css/font-awesome.css]
[cdn.jsdelivr.net/npm/aos@2.3.4/dist/aos.css]
[test2.kwebsite.kr/theme/hanchon/css/landing/____rootaa39.css]
[test2.kwebsite.kr/theme/hanchon/css/landing/__resetaa39.css]
[cdn.jsdelivr.net/gh/whitedev7773/Paperlogy/Paperlogy-9Black.ttf]
[test2.kwebsite.kr/theme/hanchon/css/landing/__coloraa39.css]
[test2.kwebsite.kr/theme/hanchon/css/landing/____root3860.css]
[test2.kwebsite.kr/theme/hanchon/img/pc/bg/footer_bg.jpg]
[test2.kwebsite.kr/theme/hanchon/css/landing/__commonaa39.css]
[test2.kwebsite.kr/theme/hanchon/font/FlightSans-Title.woff]
[test2.kwebsite.kr/theme/hanchon/font/FlightSans-Title.ttf]
[test2.kwebsite.kr/theme/hanchon/font/FlightSansOTF-Title.otf]
[test2.kwebsite.kr/theme/hanchon/font/FlightSans-Titled41d.eot]
[test2.kwebsite.kr/theme/hanchon/fonts/FlightSans-Title.eot]
[test2.kwebsite.kr/theme/hanchon/css/landing/__font.useaa39.css]
[test2.kwebsite.kr/theme/hanchon/img/landing/common/img_light_xs.png]
[test2.kwebsite.kr/theme/hanchon/img/landing/sec11/money01.png]
[test2.kwebsite.kr/theme/hanchon/img/landing/sec11/money02.png]
[test2.kwebsite.kr/theme/hanchon/img/landing/sec11/money03.png]
[test2.kwebsite.kr/theme/hanchon/img/landing/sec11/money04.png]
[test2.kwebsite.kr/theme/hanchon/img/pc/comm/star_list.png]
[test2.kwebsite.kr/theme/hanchon/css/landing/__animationaa39.css]
[test2.kwebsite.kr/theme/hanchon/css/landing/lib.flipclockaa39.css]
[unpkg.com/swiper@8.4.7/swiper-bundle.min.css]
[test2.kwebsite.kr/theme/hanchon/img/comm/pop_close_wh.png]
[test2.kwebsite.kr/theme/hanchon/img/comm/quick-hd.png]
[test2.kwebsite.kr/theme/hanchon/img/comm/quick-bg.jpg]
[test2.kwebsite.kr/theme/hanchon/img/comm/store-bg.jpg]
[test2.kwebsite.kr/theme/hanchon/img/pc/bg/main-sec-sky_bg3860.jpg]
[test2.kwebsite.kr/theme/hanchon/img/pc/sec2/red-label.png]
[test2.kwebsite.kr/theme/hanchon/img/pc/bg/competitive-sec_bg.jpg]
[test2.kwebsite.kr/theme/hanchon/img/pc/bg/benefit-sec_bg.jpg]
[test2.kwebsite.kr/theme/hanchon/img/pc/sec4/brush-txt.png]
[test2.kwebsite.kr/theme/hanchon/img/pc/bg/stronger-sec_bg.jpg]
[test2.kwebsite.kr/theme/hanchon/img/pc/bg/average-sec_bg.jpg]
[test2.kwebsite.kr/theme/hanchon/img/pc/sec8/graph-bg.png]
[test2.kwebsite.kr/theme/hanchon/img/pc/bg/awards-sec_bg3860.jpg]
[test2.kwebsite.kr/theme/hanchon/img/pc/sec10/dotted-round.png]
[test2.kwebsite.kr/theme/hanchon/img/pc/sec10/gold-leaf.png]
[test2.kwebsite.kr/theme/hanchon/img/pc/bg/mainfood-sec_bg_long.jpg]
[test2.kwebsite.kr/theme/hanchon/img/pc/bg/menu-sec_bg3860.jpg]
[test2.kwebsite.kr/theme/hanchon/img/pc/bg/separate-sec_bg7b30.jpg]
[test2.kwebsite.kr/theme/hanchon/img/pc/bg/reason-sec_bg.jpg]
[test2.kwebsite.kr/theme/hanchon/img/pc/bg/interview-sec_bg.jpg]
[test2.kwebsite.kr/theme/hanchon/img/pc/bg/analyze-sec_bg.jpg]
[test2.kwebsite.kr/theme/hanchon/img/pc/sec17/brush.png]
[test2.kwebsite.kr/theme/hanchon/img/pc/bg/promotion-sec_bg.jpg]
[test2.kwebsite.kr/theme/hanchon/css/landing/landing.pc88e9.css]
[test2.kwebsite.kr/theme/hanchon/css/landing/inc.store88e9.css]
[test2.kwebsite.kr/bbs/index.html]
[test2.kwebsite.kr/theme/hanchon/shop/index.html]
[test2.kwebsite.kr/shop/index.html]
[test2.kwebsite.kr/js/font-awesome/fonts/fontawesome-webfont3e6e.html]
[test2.kwebsite.kr/js/font-awesome/fonts/fontawesome-webfont3e6e.svg]
[test2.kwebsite.kr/theme/hanchon/css/landing/____root3860.css]
[test2.kwebsite.kr/theme/hanchon/font/FlightSans-Title.html]
[test2.kwebsite.kr/theme/hanchon/fonts/FlightSans-Title.html]
[test2.kwebsite.kr/theme/hanchon/img/landing/common/img_light_xs.html]
[test2.kwebsite.kr/theme/hanchon/img/landing/sec11/money01.html]
[test2.kwebsite.kr/theme/hanchon/img/landing/sec11/money02.html]
[test2.kwebsite.kr/theme/hanchon/img/landing/sec11/money03.html]
[test2.kwebsite.kr/theme/hanchon/img/landing/sec11/money04.html]
[test2.kwebsite.kr/theme/hanchon/img/pc/comm/star_list.html]
